// Jest Snapshot v1, https://goo.gl/fbAQLP

exports[`snapshot should match with snapshot 1`] = `
<div>
  <styled.h1>
    a PR
  </styled.h1>
  <ul>
    <li>
      <Link
        href="/hooks1"
        passHref={true}
        prefetch={false}
      >
        <a>
          Custom Hooks (API Call) - UseEffect
        </a>
      </Link>
    </li>
    <li>
      <Link
        href="/hooks2"
        passHref={true}
        prefetch={false}
      >
        <a>
          Custom Hooks (API Call) - Custom Fetch
        </a>
      </Link>
    </li>
  </ul>
  <div />
</div>
`;
